// Jest Snapshot v1, https://goo.gl/fbAQLP

exports[`Step 2 Component renders correctly has called snapshot with ShippingLabel component 1`] = `
<div
  className="card"
>
  <div
    className="h4 card-header"
  >
    Enter the Receiver‘s Address
  </div>
  <div
    className="card-body"
  >
    <RenderFormField
      context={
        ShippingLabelStep2 {
          "context": Object {},
          "key": "from",
          "props": Object {
            "getShippingData": [Function],
            "setShippingData": Object {},
          },
          "refs": Object {},
          "renderFormFields": [Function],
          "setState": [Function],
          "state": Object {
            "city": "",
            "errorObj": Object {
              "city": true,
              "name": true,
              "state": true,
              "street": true,
              "zip": true,
            },
            "name": "",
            "state": "",
            "street": "",
            "zip": "",
          },
          "updater": Updater {
            "_callbacks": Array [],
            "_renderer": ReactShallowRenderer {
              "_context": Object {},
              "_didScheduleRenderPhaseUpdate": false,
              "_dispatcher": Object {
                "readContext": [Function],
                "useCallback": [Function],
                "useContext": [Function],
                "useDebugValue": [Function],
                "useEffect": [Function],
                "useImperativeHandle": [Function],
                "useLayoutEffect": [Function],
                "useMemo": [Function],
                "useReducer": [Function],
                "useRef": [Function],
                "useState": [Function],
              },
              "_element": <ShippingLabelStep2
                getShippingData={[Function]}
                setShippingData={Object {}}
              />,
              "_firstWorkInProgressHook": null,
              "_forcedUpdate": false,
              "_instance": [Circular],
              "_isReRender": false,
              "_newState": null,
              "_numberOfReRenders": 0,
              "_renderPhaseUpdates": null,
              "_rendered": <div
                className="card"
              >
                <div
                  className="h4 card-header"
                >
                  Enter the Receiver‘s Address
                </div>
                <div
                  className="card-body"
                >
                  <RenderFormField
                    context={[Circular]}
                    fieldName="name"
                    id="receiver_0"
                    onChange={[Function]}
                    placeHolder="Enter name"
                    type="text"
                  />
                  <RenderFormField
                    context={[Circular]}
                    fieldName="street"
                    id="receiver_1"
                    onChange={[Function]}
                    placeHolder="Enter street"
                    type="text"
                  />
                  <RenderFormField
                    context={[Circular]}
                    fieldName="city"
                    id="receiver_2"
                    onChange={[Function]}
                    placeHolder="Enter city"
                    type="text"
                  />
                  <RenderFormField
                    context={[Circular]}
                    fieldName="state"
                    id="receiver_3"
                    onChange={[Function]}
                    placeHolder="Enter state"
                    type="text"
                  />
                  <RenderFormField
                    context={[Circular]}
                    fieldName="zip"
                    id="receiver_4"
                    onChange={[Function]}
                    placeHolder="Enter zip"
                    type="text"
                  />
                </div>
              </div>,
              "_rendering": false,
              "_updater": [Circular],
              "_workInProgressHook": null,
            },
          },
        }
      }
      fieldName="name"
      id="receiver_0"
      key="receiver_0"
      onChange={[Function]}
      placeHolder="Enter name"
      type="text"
    />
    <RenderFormField
      context={
        ShippingLabelStep2 {
          "context": Object {},
          "key": "from",
          "props": Object {
            "getShippingData": [Function],
            "setShippingData": Object {},
          },
          "refs": Object {},
          "renderFormFields": [Function],
          "setState": [Function],
          "state": Object {
            "city": "",
            "errorObj": Object {
              "city": true,
              "name": true,
              "state": true,
              "street": true,
              "zip": true,
            },
            "name": "",
            "state": "",
            "street": "",
            "zip": "",
          },
          "updater": Updater {
            "_callbacks": Array [],
            "_renderer": ReactShallowRenderer {
              "_context": Object {},
              "_didScheduleRenderPhaseUpdate": false,
              "_dispatcher": Object {
                "readContext": [Function],
                "useCallback": [Function],
                "useContext": [Function],
                "useDebugValue": [Function],
                "useEffect": [Function],
                "useImperativeHandle": [Function],
                "useLayoutEffect": [Function],
                "useMemo": [Function],
                "useReducer": [Function],
                "useRef": [Function],
                "useState": [Function],
              },
              "_element": <ShippingLabelStep2
                getShippingData={[Function]}
                setShippingData={Object {}}
              />,
              "_firstWorkInProgressHook": null,
              "_forcedUpdate": false,
              "_instance": [Circular],
              "_isReRender": false,
              "_newState": null,
              "_numberOfReRenders": 0,
              "_renderPhaseUpdates": null,
              "_rendered": <div
                className="card"
              >
                <div
                  className="h4 card-header"
                >
                  Enter the Receiver‘s Address
                </div>
                <div
                  className="card-body"
                >
                  <RenderFormField
                    context={[Circular]}
                    fieldName="name"
                    id="receiver_0"
                    onChange={[Function]}
                    placeHolder="Enter name"
                    type="text"
                  />
                  <RenderFormField
                    context={[Circular]}
                    fieldName="street"
                    id="receiver_1"
                    onChange={[Function]}
                    placeHolder="Enter street"
                    type="text"
                  />
                  <RenderFormField
                    context={[Circular]}
                    fieldName="city"
                    id="receiver_2"
                    onChange={[Function]}
                    placeHolder="Enter city"
                    type="text"
                  />
                  <RenderFormField
                    context={[Circular]}
                    fieldName="state"
                    id="receiver_3"
                    onChange={[Function]}
                    placeHolder="Enter state"
                    type="text"
                  />
                  <RenderFormField
                    context={[Circular]}
                    fieldName="zip"
                    id="receiver_4"
                    onChange={[Function]}
                    placeHolder="Enter zip"
                    type="text"
                  />
                </div>
              </div>,
              "_rendering": false,
              "_updater": [Circular],
              "_workInProgressHook": null,
            },
          },
        }
      }
      fieldName="street"
      id="receiver_1"
      key="receiver_1"
      onChange={[Function]}
      placeHolder="Enter street"
      type="text"
    />
    <RenderFormField
      context={
        ShippingLabelStep2 {
          "context": Object {},
          "key": "from",
          "props": Object {
            "getShippingData": [Function],
            "setShippingData": Object {},
          },
          "refs": Object {},
          "renderFormFields": [Function],
          "setState": [Function],
          "state": Object {
            "city": "",
            "errorObj": Object {
              "city": true,
              "name": true,
              "state": true,
              "street": true,
              "zip": true,
            },
            "name": "",
            "state": "",
            "street": "",
            "zip": "",
          },
          "updater": Updater {
            "_callbacks": Array [],
            "_renderer": ReactShallowRenderer {
              "_context": Object {},
              "_didScheduleRenderPhaseUpdate": false,
              "_dispatcher": Object {
                "readContext": [Function],
                "useCallback": [Function],
                "useContext": [Function],
                "useDebugValue": [Function],
                "useEffect": [Function],
                "useImperativeHandle": [Function],
                "useLayoutEffect": [Function],
                "useMemo": [Function],
                "useReducer": [Function],
                "useRef": [Function],
                "useState": [Function],
              },
              "_element": <ShippingLabelStep2
                getShippingData={[Function]}
                setShippingData={Object {}}
              />,
              "_firstWorkInProgressHook": null,
              "_forcedUpdate": false,
              "_instance": [Circular],
              "_isReRender": false,
              "_newState": null,
              "_numberOfReRenders": 0,
              "_renderPhaseUpdates": null,
              "_rendered": <div
                className="card"
              >
                <div
                  className="h4 card-header"
                >
                  Enter the Receiver‘s Address
                </div>
                <div
                  className="card-body"
                >
                  <RenderFormField
                    context={[Circular]}
                    fieldName="name"
                    id="receiver_0"
                    onChange={[Function]}
                    placeHolder="Enter name"
                    type="text"
                  />
                  <RenderFormField
                    context={[Circular]}
                    fieldName="street"
                    id="receiver_1"
                    onChange={[Function]}
                    placeHolder="Enter street"
                    type="text"
                  />
                  <RenderFormField
                    context={[Circular]}
                    fieldName="city"
                    id="receiver_2"
                    onChange={[Function]}
                    placeHolder="Enter city"
                    type="text"
                  />
                  <RenderFormField
                    context={[Circular]}
                    fieldName="state"
                    id="receiver_3"
                    onChange={[Function]}
                    placeHolder="Enter state"
                    type="text"
                  />
                  <RenderFormField
                    context={[Circular]}
                    fieldName="zip"
                    id="receiver_4"
                    onChange={[Function]}
                    placeHolder="Enter zip"
                    type="text"
                  />
                </div>
              </div>,
              "_rendering": false,
              "_updater": [Circular],
              "_workInProgressHook": null,
            },
          },
        }
      }
      fieldName="city"
      id="receiver_2"
      key="receiver_2"
      onChange={[Function]}
      placeHolder="Enter city"
      type="text"
    />
    <RenderFormField
      context={
        ShippingLabelStep2 {
          "context": Object {},
          "key": "from",
          "props": Object {
            "getShippingData": [Function],
            "setShippingData": Object {},
          },
          "refs": Object {},
          "renderFormFields": [Function],
          "setState": [Function],
          "state": Object {
            "city": "",
            "errorObj": Object {
              "city": true,
              "name": true,
              "state": true,
              "street": true,
              "zip": true,
            },
            "name": "",
            "state": "",
            "street": "",
            "zip": "",
          },
          "updater": Updater {
            "_callbacks": Array [],
            "_renderer": ReactShallowRenderer {
              "_context": Object {},
              "_didScheduleRenderPhaseUpdate": false,
              "_dispatcher": Object {
                "readContext": [Function],
                "useCallback": [Function],
                "useContext": [Function],
                "useDebugValue": [Function],
                "useEffect": [Function],
                "useImperativeHandle": [Function],
                "useLayoutEffect": [Function],
                "useMemo": [Function],
                "useReducer": [Function],
                "useRef": [Function],
                "useState": [Function],
              },
              "_element": <ShippingLabelStep2
                getShippingData={[Function]}
                setShippingData={Object {}}
              />,
              "_firstWorkInProgressHook": null,
              "_forcedUpdate": false,
              "_instance": [Circular],
              "_isReRender": false,
              "_newState": null,
              "_numberOfReRenders": 0,
              "_renderPhaseUpdates": null,
              "_rendered": <div
                className="card"
              >
                <div
                  className="h4 card-header"
                >
                  Enter the Receiver‘s Address
                </div>
                <div
                  className="card-body"
                >
                  <RenderFormField
                    context={[Circular]}
                    fieldName="name"
                    id="receiver_0"
                    onChange={[Function]}
                    placeHolder="Enter name"
                    type="text"
                  />
                  <RenderFormField
                    context={[Circular]}
                    fieldName="street"
                    id="receiver_1"
                    onChange={[Function]}
                    placeHolder="Enter street"
                    type="text"
                  />
                  <RenderFormField
                    context={[Circular]}
                    fieldName="city"
                    id="receiver_2"
                    onChange={[Function]}
                    placeHolder="Enter city"
                    type="text"
                  />
                  <RenderFormField
                    context={[Circular]}
                    fieldName="state"
                    id="receiver_3"
                    onChange={[Function]}
                    placeHolder="Enter state"
                    type="text"
                  />
                  <RenderFormField
                    context={[Circular]}
                    fieldName="zip"
                    id="receiver_4"
                    onChange={[Function]}
                    placeHolder="Enter zip"
                    type="text"
                  />
                </div>
              </div>,
              "_rendering": false,
              "_updater": [Circular],
              "_workInProgressHook": null,
            },
          },
        }
      }
      fieldName="state"
      id="receiver_3"
      key="receiver_3"
      onChange={[Function]}
      placeHolder="Enter state"
      type="text"
    />
    <RenderFormField
      context={
        ShippingLabelStep2 {
          "context": Object {},
          "key": "from",
          "props": Object {
            "getShippingData": [Function],
            "setShippingData": Object {},
          },
          "refs": Object {},
          "renderFormFields": [Function],
          "setState": [Function],
          "state": Object {
            "city": "",
            "errorObj": Object {
              "city": true,
              "name": true,
              "state": true,
              "street": true,
              "zip": true,
            },
            "name": "",
            "state": "",
            "street": "",
            "zip": "",
          },
          "updater": Updater {
            "_callbacks": Array [],
            "_renderer": ReactShallowRenderer {
              "_context": Object {},
              "_didScheduleRenderPhaseUpdate": false,
              "_dispatcher": Object {
                "readContext": [Function],
                "useCallback": [Function],
                "useContext": [Function],
                "useDebugValue": [Function],
                "useEffect": [Function],
                "useImperativeHandle": [Function],
                "useLayoutEffect": [Function],
                "useMemo": [Function],
                "useReducer": [Function],
                "useRef": [Function],
                "useState": [Function],
              },
              "_element": <ShippingLabelStep2
                getShippingData={[Function]}
                setShippingData={Object {}}
              />,
              "_firstWorkInProgressHook": null,
              "_forcedUpdate": false,
              "_instance": [Circular],
              "_isReRender": false,
              "_newState": null,
              "_numberOfReRenders": 0,
              "_renderPhaseUpdates": null,
              "_rendered": <div
                className="card"
              >
                <div
                  className="h4 card-header"
                >
                  Enter the Receiver‘s Address
                </div>
                <div
                  className="card-body"
                >
                  <RenderFormField
                    context={[Circular]}
                    fieldName="name"
                    id="receiver_0"
                    onChange={[Function]}
                    placeHolder="Enter name"
                    type="text"
                  />
                  <RenderFormField
                    context={[Circular]}
                    fieldName="street"
                    id="receiver_1"
                    onChange={[Function]}
                    placeHolder="Enter street"
                    type="text"
                  />
                  <RenderFormField
                    context={[Circular]}
                    fieldName="city"
                    id="receiver_2"
                    onChange={[Function]}
                    placeHolder="Enter city"
                    type="text"
                  />
                  <RenderFormField
                    context={[Circular]}
                    fieldName="state"
                    id="receiver_3"
                    onChange={[Function]}
                    placeHolder="Enter state"
                    type="text"
                  />
                  <RenderFormField
                    context={[Circular]}
                    fieldName="zip"
                    id="receiver_4"
                    onChange={[Function]}
                    placeHolder="Enter zip"
                    type="text"
                  />
                </div>
              </div>,
              "_rendering": false,
              "_updater": [Circular],
              "_workInProgressHook": null,
            },
          },
        }
      }
      fieldName="zip"
      id="receiver_4"
      key="receiver_4"
      onChange={[Function]}
      placeHolder="Enter zip"
      type="text"
    />
  </div>
</div>
`;
