// Jest Snapshot v1, https://goo.gl/fbAQLP

exports[`Shipping Progress Component renders correctly has called snapshot with shipping progress component 1`] = `
<div
  className="progress mt-3 mb-3"
>
  <div
    aria-valuemax="100"
    aria-valuemin="0"
    className="progress-bar"
    role="progressbar"
    style={
      Object {
        "width": "60%",
      }
    }
  />
</div>
`;
