// Jest Snapshot v1, https://goo.gl/fbAQLP

exports[`App renders correctly has called snapshot with App component 1`] = `
<div
  className="container"
>
  <div
    className="row"
  >
    <div
      className="col"
    >
      <_default />
      <LoginParent />
    </div>
  </div>
</div>
`;
