// Jest Snapshot v1, https://goo.gl/fbAQLP

exports[`Step 3 Component renders correctly has called snapshot with ShippingLabel component 1`] = `
<div
  className="card"
>
  <div
    className="h4 card-header"
  >
    Enter the Package Weight
  </div>
  <div
    className="card-body"
  >
    <RenderFormField
      context={
        ShippingLabelStep3 {
          "context": Object {},
          "key": "weight",
          "props": Object {
            "getShippingData": [Function],
            "setShippingData": Object {},
          },
          "refs": Object {},
          "setState": [Function],
          "state": Object {
            "errorObj": Object {
              "weight": true,
            },
            "weight": 0,
          },
          "updater": Updater {
            "_callbacks": Array [],
            "_renderer": ReactShallowRenderer {
              "_context": Object {},
              "_didScheduleRenderPhaseUpdate": false,
              "_dispatcher": Object {
                "readContext": [Function],
                "useCallback": [Function],
                "useContext": [Function],
                "useDebugValue": [Function],
                "useEffect": [Function],
                "useImperativeHandle": [Function],
                "useLayoutEffect": [Function],
                "useMemo": [Function],
                "useReducer": [Function],
                "useRef": [Function],
                "useState": [Function],
              },
              "_element": <ShippingLabelStep3
                getShippingData={[Function]}
                setShippingData={Object {}}
              />,
              "_firstWorkInProgressHook": null,
              "_forcedUpdate": false,
              "_instance": [Circular],
              "_isReRender": false,
              "_newState": null,
              "_numberOfReRenders": 0,
              "_renderPhaseUpdates": null,
              "_rendered": <div
                className="card"
              >
                <div
                  className="h4 card-header"
                >
                  Enter the Package Weight
                </div>
                <div
                  className="card-body"
                >
                  <RenderFormField
                    context={[Circular]}
                    fieldName="weight"
                    onChange={[Function]}
                    placeHolder="Enter Weight"
                    type="number"
                  />
                </div>
              </div>,
              "_rendering": false,
              "_updater": [Circular],
              "_workInProgressHook": null,
            },
          },
        }
      }
      fieldName="weight"
      onChange={[Function]}
      placeHolder="Enter Weight"
      type="number"
    />
  </div>
</div>
`;
